<html>
<body>
<pre>
<h1>µVision Build Log</h1>
<h2>Project:</h2>
C:\Users\tuvok\Desktop\Periferija_V2\Kontroler.uvprojx
Project File Date:  03/29/2014

<h2>Output:</h2>
Rebuild target 'Obrovac-Temperatura'
compiling main.c...
compiling ads1248.c...
assembling startup_LPC11Uxx.s...
compiling system_LPC11Uxx.c...
linking...
Program Size: Code=3696 RO-data=296 RW-data=8 ZI-data=632  
".\Kontroler.axf" - 0 Error(s), 0 Warning(s).

<h2>Software Packages used:</h2>

Package Vendor: ARM
                http://www.keil.com/pack/ARM.CMSIS.3.20.4.pack
                ARM::CMSIS:CORE:3.20.0
                Cortex Microcontroller Software Interface Standard (CMSIS) CORE, DSP, RTOS, Driver
   * Component: CORE Version: 3.20.0

Package Vendor: Keil
                http://www.keil.com/pack/Keil.LPC1100_DFP.1.0.0.pack
                Keil::Device:Startup:1.0.0
                NXP LPC1100 Series Device Support
   * Component: Startup Version: 1.0.0

<h2>Collection of Component include folders:</h2>
  C:\Users\tuvok\Desktop\Periferija_V2\RTE
  C:\Keil_v5\ARM\PACK\ARM\CMSIS\3.20.4\CMSIS\Include
  C:\Keil_v5\ARM\PACK\Keil\LPC1100_DFP\1.0.0\Device\Include\LPC11Uxx

<h2>Collection of Component Files used:</h2>

   * Component: ARM::CMSIS:CORE:3.20.0

   * Component: Keil::Device:Startup:1.0.0
      Include file:  Device\Include\LPC11Uxx\LPC11Uxx.h
      Source file:   Device\Source\ARM\startup_LPC11Uxx.s
      Source file:   Device\Source\system_LPC11Uxx.c
Load "C:\\Users\\tuvok\\Desktop\\Periferija_V2\\Kontroler.axf" 
Erase Done.
Programming Done.
Verify OK.
</pre>
</body>
</html>
en cancelled
Load "C:\\Users\\tuvok\\Desktop\\Periferija_V2\\Kontroler.axf" 
Erase Done.
Programming Done.
Verify OK.
