Product: MDK-ARM Professional 5.10
Component: ARM Compiler 5.04 update 1 (build 49)
Tool: armlink [5040049]

==============================================================================

Section Cross References

    main.o(.text) refers to ads1248.o(.text) for Chip_ADS1248_Init
    ads1248.o(.text) refers to ssp_11xx.o(i.Chip_SSP_DeInit) for Chip_SSP_DeInit
    ads1248.o(.text) refers to gpio_11xx_1.o(i.Chip_GPIO_Init) for Chip_GPIO_Init
    ads1248.o(.text) refers to iocon_11xx.o(i.Chip_IOCON_PinMuxSet) for Chip_IOCON_PinMuxSet
    ads1248.o(.text) refers to ssp_11xx.o(i.Chip_SSP_Init) for Chip_SSP_Init
    ads1248.o(.text) refers to ssp_11xx.o(i.Chip_SSP_SetClockRate) for Chip_SSP_SetClockRate
    ads1248.o(.text) refers to ssp_11xx.o(i.Chip_SSP_RWFrames_Blocking) for Chip_SSP_RWFrames_Blocking
    ads1248.o(.text) refers to ads1248.o(.bss) for rx_buf
    ads1248.o(.text) refers to ads1248.o(.data) for ssp_format
    startup_lpc11uxx.o(STACK) refers (Special) to heapauxi.o(.text) for __use_two_region_memory
    startup_lpc11uxx.o(HEAP) refers (Special) to heapauxi.o(.text) for __use_two_region_memory
    startup_lpc11uxx.o(RESET) refers (Special) to heapauxi.o(.text) for __use_two_region_memory
    startup_lpc11uxx.o(RESET) refers to startup_lpc11uxx.o(STACK) for __initial_sp
    startup_lpc11uxx.o(RESET) refers to startup_lpc11uxx.o(.text) for Reset_Handler
    startup_lpc11uxx.o(.ARM.__at_0x02FC) refers (Special) to heapauxi.o(.text) for __use_two_region_memory
    startup_lpc11uxx.o(.text) refers (Special) to heapauxi.o(.text) for __use_two_region_memory
    startup_lpc11uxx.o(.text) refers to system_lpc11uxx.o(.text) for SystemInit
    startup_lpc11uxx.o(.text) refers to __main.o(!!!main) for __main
    startup_lpc11uxx.o(.text) refers to startup_lpc11uxx.o(HEAP) for Heap_Mem
    startup_lpc11uxx.o(.text) refers to startup_lpc11uxx.o(STACK) for Stack_Mem
    system_lpc11uxx.o(.text) refers to system_lpc11uxx.o(i.__ARM_common_switch8) for __ARM_common_switch8
    system_lpc11uxx.o(.text) refers to aeabi_sdiv.o(.text) for __aeabi_uidivmod
    system_lpc11uxx.o(.text) refers to system_lpc11uxx.o(.data) for SystemCoreClock
    ssp_11xx.o(i.Chip_SSP_DeInit) refers to ssp_11xx.o(i.Chip_SSP_GetClockIndex) for Chip_SSP_GetClockIndex
    ssp_11xx.o(i.Chip_SSP_DeInit) refers to ssp_11xx.o(i.Chip_SSP_SetSSPClkDivider) for Chip_SSP_SetSSPClkDivider
    ssp_11xx.o(i.Chip_SSP_Init) refers to ssp_11xx.o(i.Chip_SSP_GetClockIndex) for Chip_SSP_GetClockIndex
    ssp_11xx.o(i.Chip_SSP_Init) refers to ssp_11xx.o(i.Chip_SSP_SetSSPClkDivider) for Chip_SSP_SetSSPClkDivider
    ssp_11xx.o(i.Chip_SSP_Init) refers to ssp_11xx.o(i.Chip_SSP_SetBitRate) for Chip_SSP_SetBitRate
    ssp_11xx.o(i.Chip_SSP_Int_FlushData) refers to ssp_11xx.o(i.Chip_SSP_GetStatus) for Chip_SSP_GetStatus
    ssp_11xx.o(i.Chip_SSP_Int_RWFrames16Bits) refers to ssp_11xx.o(i.Chip_SSP_GetRawIntStatus) for Chip_SSP_GetRawIntStatus
    ssp_11xx.o(i.Chip_SSP_Int_RWFrames16Bits) refers to ssp_11xx.o(i.SSP_Read2BFifo) for SSP_Read2BFifo
    ssp_11xx.o(i.Chip_SSP_Int_RWFrames16Bits) refers to ssp_11xx.o(i.Chip_SSP_GetStatus) for Chip_SSP_GetStatus
    ssp_11xx.o(i.Chip_SSP_Int_RWFrames16Bits) refers to ssp_11xx.o(i.SSP_Write2BFifo) for SSP_Write2BFifo
    ssp_11xx.o(i.Chip_SSP_Int_RWFrames8Bits) refers to ssp_11xx.o(i.Chip_SSP_GetRawIntStatus) for Chip_SSP_GetRawIntStatus
    ssp_11xx.o(i.Chip_SSP_Int_RWFrames8Bits) refers to ssp_11xx.o(i.SSP_Read1BFifo) for SSP_Read1BFifo
    ssp_11xx.o(i.Chip_SSP_Int_RWFrames8Bits) refers to ssp_11xx.o(i.Chip_SSP_GetStatus) for Chip_SSP_GetStatus
    ssp_11xx.o(i.Chip_SSP_Int_RWFrames8Bits) refers to ssp_11xx.o(i.SSP_Write1BFifo) for SSP_Write1BFifo
    ssp_11xx.o(i.Chip_SSP_RWFrames_Blocking) refers to ssp_11xx.o(i.Chip_SSP_GetStatus) for Chip_SSP_GetStatus
    ssp_11xx.o(i.Chip_SSP_RWFrames_Blocking) refers to ssp_11xx.o(i.SSP_Write2BFifo) for SSP_Write2BFifo
    ssp_11xx.o(i.Chip_SSP_RWFrames_Blocking) refers to ssp_11xx.o(i.Chip_SSP_GetRawIntStatus) for Chip_SSP_GetRawIntStatus
    ssp_11xx.o(i.Chip_SSP_RWFrames_Blocking) refers to ssp_11xx.o(i.SSP_Read2BFifo) for SSP_Read2BFifo
    ssp_11xx.o(i.Chip_SSP_RWFrames_Blocking) refers to ssp_11xx.o(i.SSP_Write1BFifo) for SSP_Write1BFifo
    ssp_11xx.o(i.Chip_SSP_RWFrames_Blocking) refers to ssp_11xx.o(i.SSP_Read1BFifo) for SSP_Read1BFifo
    ssp_11xx.o(i.Chip_SSP_ReadFrames_Blocking) refers to ssp_11xx.o(i.Chip_SSP_GetStatus) for Chip_SSP_GetStatus
    ssp_11xx.o(i.Chip_SSP_ReadFrames_Blocking) refers to ssp_11xx.o(i.Chip_SSP_GetRawIntStatus) for Chip_SSP_GetRawIntStatus
    ssp_11xx.o(i.Chip_SSP_SetBitRate) refers to clock_11xx.o(i.Chip_Clock_GetMainClockRate) for Chip_Clock_GetMainClockRate
    ssp_11xx.o(i.Chip_SSP_SetBitRate) refers to aeabi_sdiv.o(.text) for __aeabi_uidivmod
    ssp_11xx.o(i.Chip_SSP_SetBitRate) refers to ssp_11xx.o(i.Chip_SSP_SetClockRate) for Chip_SSP_SetClockRate
    ssp_11xx.o(i.Chip_SSP_WriteFrames_Blocking) refers to ssp_11xx.o(i.Chip_SSP_GetStatus) for Chip_SSP_GetStatus
    ssp_11xx.o(i.Chip_SSP_WriteFrames_Blocking) refers to ssp_11xx.o(i.Chip_SSP_GetRawIntStatus) for Chip_SSP_GetRawIntStatus
    ssp_11xx.o(i.SSP_Read1BFifo) refers to ssp_11xx.o(i.Chip_SSP_GetStatus) for Chip_SSP_GetStatus
    ssp_11xx.o(i.SSP_Read2BFifo) refers to ssp_11xx.o(i.Chip_SSP_GetStatus) for Chip_SSP_GetStatus
    clock_11xx.o(i.Chip_Clock_GetMainClockRate) refers to clock_11xx.o(i.Chip_Clock_GetSystemPLLOutClockRate) for Chip_Clock_GetSystemPLLOutClockRate
    clock_11xx.o(i.Chip_Clock_GetMainClockRate) refers to clock_11xx.o(i.Chip_Clock_GetSystemPLLInClockRate) for Chip_Clock_GetSystemPLLInClockRate
    clock_11xx.o(i.Chip_Clock_GetMainClockRate) refers to clock_11xx.o(i.Chip_Clock_GetWDTOSCRate) for Chip_Clock_GetWDTOSCRate
    clock_11xx.o(i.Chip_Clock_GetSystemClockRate) refers to clock_11xx.o(i.Chip_Clock_GetMainClockRate) for Chip_Clock_GetMainClockRate
    clock_11xx.o(i.Chip_Clock_GetSystemClockRate) refers to aeabi_sdiv.o(.text) for __aeabi_uidivmod
    clock_11xx.o(i.Chip_Clock_GetSystemPLLInClockRate) refers to main.o(.constdata) for OscRateIn
    clock_11xx.o(i.Chip_Clock_GetSystemPLLOutClockRate) refers to clock_11xx.o(i.Chip_Clock_GetSystemPLLInClockRate) for Chip_Clock_GetSystemPLLInClockRate
    clock_11xx.o(i.Chip_Clock_GetSystemPLLOutClockRate) refers to clock_11xx.o(i.Chip_Clock_GetPLLFreq) for Chip_Clock_GetPLLFreq
    clock_11xx.o(i.Chip_Clock_GetUSBPLLInClockRate) refers to main.o(.constdata) for OscRateIn
    clock_11xx.o(i.Chip_Clock_GetUSBPLLOutClockRate) refers to clock_11xx.o(i.Chip_Clock_GetUSBPLLInClockRate) for Chip_Clock_GetUSBPLLInClockRate
    clock_11xx.o(i.Chip_Clock_GetUSBPLLOutClockRate) refers to clock_11xx.o(i.Chip_Clock_GetPLLFreq) for Chip_Clock_GetPLLFreq
    clock_11xx.o(i.Chip_Clock_GetWDTOSCRate) refers to aeabi_sdiv.o(.text) for __aeabi_uidivmod
    clock_11xx.o(i.Chip_Clock_GetWDTOSCRate) refers to clock_11xx.o(.constdata) for .constdata
    __main.o(!!!main) refers to rtentry.o(.ARM.Collect$$rtentry$$00000000) for __rt_entry
    rtentry.o(.ARM.Collect$$rtentry$$00000000) refers (Special) to rtentry2.o(.ARM.Collect$$rtentry$$0000000A) for __rt_entry_li
    rtentry.o(.ARM.Collect$$rtentry$$00000000) refers (Special) to rtentry2.o(.ARM.Collect$$rtentry$$0000000D) for __rt_entry_main
    rtentry.o(.ARM.Collect$$rtentry$$00000000) refers (Special) to rtentry2.o(.ARM.Collect$$rtentry$$0000000C) for __rt_entry_postli_1
    rtentry.o(.ARM.Collect$$rtentry$$00000000) refers (Special) to rtentry2.o(.ARM.Collect$$rtentry$$00000009) for __rt_entry_postsh_1
    rtentry.o(.ARM.Collect$$rtentry$$00000000) refers (Special) to rtentry2.o(.ARM.Collect$$rtentry$$00000002) for __rt_entry_presh_1
    rtentry.o(.ARM.Collect$$rtentry$$00000000) refers (Special) to rtentry4.o(.ARM.Collect$$rtentry$$00000004) for __rt_entry_sh
    aeabi_idiv0_sigfpe.o(.text) refers to rt_div0.o(.text) for __rt_div0
    rtentry2.o(.ARM.Collect$$rtentry$$00000008) refers to boardinit2.o(.text) for _platform_post_stackheap_init
    rtentry2.o(.ARM.Collect$$rtentry$$0000000A) refers to libinit.o(.ARM.Collect$$libinit$$00000000) for __rt_lib_init
    rtentry2.o(.ARM.Collect$$rtentry$$0000000B) refers to boardinit3.o(.text) for _platform_post_lib_init
    rtentry2.o(.ARM.Collect$$rtentry$$0000000D) refers to main.o(.text) for main
    rtentry2.o(.ARM.Collect$$rtentry$$0000000D) refers to exit.o(.text) for exit
    rtentry2.o(.ARM.exidx) refers to rtentry2.o(.ARM.Collect$$rtentry$$00000001) for .ARM.Collect$$rtentry$$00000001
    rtentry2.o(.ARM.exidx) refers to rtentry2.o(.ARM.Collect$$rtentry$$00000008) for .ARM.Collect$$rtentry$$00000008
    rtentry2.o(.ARM.exidx) refers to rtentry2.o(.ARM.Collect$$rtentry$$0000000A) for .ARM.Collect$$rtentry$$0000000A
    rtentry2.o(.ARM.exidx) refers to rtentry2.o(.ARM.Collect$$rtentry$$0000000B) for .ARM.Collect$$rtentry$$0000000B
    rtentry2.o(.ARM.exidx) refers to rtentry2.o(.ARM.Collect$$rtentry$$0000000D) for .ARM.Collect$$rtentry$$0000000D
    rtentry4.o(.ARM.Collect$$rtentry$$00000004) refers to sys_stackheap_outer.o(.text) for __user_setup_stackheap
    rtentry4.o(.ARM.exidx) refers to rtentry4.o(.ARM.Collect$$rtentry$$00000004) for .ARM.Collect$$rtentry$$00000004
    rt_div0.o(.text) refers to defsig_fpe_outer.o(.text) for __rt_SIGFPE
    sys_stackheap_outer.o(.text) refers to libspace.o(.text) for __user_perproc_libspace
    sys_stackheap_outer.o(.text) refers to startup_lpc11uxx.o(.text) for __user_initial_stackheap
    sys_stackheap_outer.o(__vectab_stack_and_reset_area) refers to tempstk.o(.text) for __temporary_stack_top
    sys_stackheap_outer.o(__vectab_stack_and_reset_area) refers to __main.o(!!!main) for __main
    exit.o(.text) refers to rtexit.o(.ARM.Collect$$rtexit$$00000000) for __rt_exit
    defsig_fpe_outer.o(.text) refers to defsig_fpe_inner.o(.text) for __rt_SIGFPE_inner
    defsig_fpe_outer.o(.text) refers to defsig_exit.o(.text) for __sig_exit
    defsig_fpe_formal.o(.text) refers to rt_raise.o(.text) for __rt_raise
    libinit.o(.ARM.Collect$$libinit$$00000000) refers (Special) to libinit2.o(.ARM.Collect$$libinit$$0000002C) for __rt_lib_init_alloca_1
    libinit.o(.ARM.Collect$$libinit$$00000000) refers (Special) to libinit2.o(.ARM.Collect$$libinit$$0000002A) for __rt_lib_init_argv_1
    libinit.o(.ARM.Collect$$libinit$$00000000) refers (Special) to libinit2.o(.ARM.Collect$$libinit$$00000019) for __rt_lib_init_atexit_1
    libinit.o(.ARM.Collect$$libinit$$00000000) refers (Special) to libinit2.o(.ARM.Collect$$libinit$$0000001F) for __rt_lib_init_clock_1
    libinit.o(.ARM.Collect$$libinit$$00000000) refers (Special) to libinit2.o(.ARM.Collect$$libinit$$00000030) for __rt_lib_init_cpp_1
    libinit.o(.ARM.Collect$$libinit$$00000000) refers (Special) to libinit2.o(.ARM.Collect$$libinit$$0000002E) for __rt_lib_init_exceptions_1
    libinit.o(.ARM.Collect$$libinit$$00000000) refers (Special) to libinit2.o(.ARM.Collect$$libinit$$00000001) for __rt_lib_init_fp_1
    libinit.o(.ARM.Collect$$libinit$$00000000) refers (Special) to libinit2.o(.ARM.Collect$$libinit$$0000001D) for __rt_lib_init_fp_trap_1
    libinit.o(.ARM.Collect$$libinit$$00000000) refers (Special) to libinit2.o(.ARM.Collect$$libinit$$00000021) for __rt_lib_init_getenv_1
    libinit.o(.ARM.Collect$$libinit$$00000000) refers (Special) to libinit2.o(.ARM.Collect$$libinit$$00000008) for __rt_lib_init_heap_1
    libinit.o(.ARM.Collect$$libinit$$00000000) refers (Special) to libinit2.o(.ARM.Collect$$libinit$$0000000F) for __rt_lib_init_lc_collate_1
    libinit.o(.ARM.Collect$$libinit$$00000000) refers (Special) to libinit2.o(.ARM.Collect$$libinit$$00000011) for __rt_lib_init_lc_ctype_1
    libinit.o(.ARM.Collect$$libinit$$00000000) refers (Special) to libinit2.o(.ARM.Collect$$libinit$$00000013) for __rt_lib_init_lc_monetary_1
    libinit.o(.ARM.Collect$$libinit$$00000000) refers (Special) to libinit2.o(.ARM.Collect$$libinit$$00000015) for __rt_lib_init_lc_numeric_1
    libinit.o(.ARM.Collect$$libinit$$00000000) refers (Special) to libinit2.o(.ARM.Collect$$libinit$$00000017) for __rt_lib_init_lc_time_1
    libinit.o(.ARM.Collect$$libinit$$00000000) refers (Special) to libinit2.o(.ARM.Collect$$libinit$$0000000C) for __rt_lib_init_rand_1
    libinit.o(.ARM.Collect$$libinit$$00000000) refers (Special) to libinit2.o(.ARM.Collect$$libinit$$00000031) for __rt_lib_init_return
    libinit.o(.ARM.Collect$$libinit$$00000000) refers (Special) to libinit2.o(.ARM.Collect$$libinit$$0000001B) for __rt_lib_init_signal_1
    libinit.o(.ARM.Collect$$libinit$$00000000) refers (Special) to libinit2.o(.ARM.Collect$$libinit$$00000023) for __rt_lib_init_stdio_1
    libinit.o(.ARM.Collect$$libinit$$00000000) refers (Special) to libinit2.o(.ARM.Collect$$libinit$$0000000A) for __rt_lib_init_user_alloc_1
    libspace.o(.text) refers to libspace.o(.bss) for __libspace_start
    rtexit.o(.ARM.Collect$$rtexit$$00000000) refers (Special) to rtexit2.o(.ARM.Collect$$rtexit$$00000004) for __rt_exit_exit
    rtexit.o(.ARM.Collect$$rtexit$$00000000) refers (Special) to rtexit2.o(.ARM.Collect$$rtexit$$00000003) for __rt_exit_ls
    rtexit.o(.ARM.Collect$$rtexit$$00000000) refers (Special) to rtexit2.o(.ARM.Collect$$rtexit$$00000002) for __rt_exit_prels_1
    rtexit.o(.ARM.exidx) refers (Special) to rtexit2.o(.ARM.Collect$$rtexit$$00000004) for __rt_exit_exit
    rtexit.o(.ARM.exidx) refers (Special) to rtexit2.o(.ARM.Collect$$rtexit$$00000003) for __rt_exit_ls
    rtexit.o(.ARM.exidx) refers (Special) to rtexit2.o(.ARM.Collect$$rtexit$$00000002) for __rt_exit_prels_1
    rtexit.o(.ARM.exidx) refers to rtexit.o(.ARM.Collect$$rtexit$$00000000) for .ARM.Collect$$rtexit$$00000000
    rt_raise.o(.text) refers to __raise.o(.text) for __raise
    rt_raise.o(.text) refers to sys_exit.o(.text) for _sys_exit
    defsig_exit.o(.text) refers to sys_exit.o(.text) for _sys_exit
    defsig_fpe_inner.o(.text) refers to defsig_general.o(.text) for __default_signal_display
    libinit2.o(.ARM.Collect$$libinit$$0000000E) refers to libinit2.o(.ARM.Collect$$libinit$$0000000D) for .ARM.Collect$$libinit$$0000000D
    libinit2.o(.ARM.Collect$$libinit$$00000010) refers to libinit2.o(.ARM.Collect$$libinit$$0000000D) for .ARM.Collect$$libinit$$0000000D
    libinit2.o(.ARM.Collect$$libinit$$00000012) refers to libinit2.o(.ARM.Collect$$libinit$$0000000D) for .ARM.Collect$$libinit$$0000000D
    libinit2.o(.ARM.Collect$$libinit$$00000014) refers to libinit2.o(.ARM.Collect$$libinit$$0000000D) for .ARM.Collect$$libinit$$0000000D
    libinit2.o(.ARM.Collect$$libinit$$00000016) refers to libinit2.o(.ARM.Collect$$libinit$$0000000D) for .ARM.Collect$$libinit$$0000000D
    libinit2.o(.ARM.Collect$$libinit$$00000024) refers to argv_veneer.o(.text) for __ARM_argv_veneer
    libinit2.o(.ARM.Collect$$libinit$$00000025) refers to argv_veneer.o(.text) for __ARM_argv_veneer
    sys_exit.o(.text) refers (Special) to use_no_semi.o(.text) for __I$use$semihosting
    sys_exit.o(.text) refers (Special) to indicate_semi.o(.text) for __semihosting_library_function
    rtexit2.o(.ARM.Collect$$rtexit$$00000003) refers to libshutdown.o(.ARM.Collect$$libshutdown$$00000000) for __rt_lib_shutdown
    rtexit2.o(.ARM.Collect$$rtexit$$00000004) refers to sys_exit.o(.text) for _sys_exit
    rtexit2.o(.ARM.exidx) refers to rtexit2.o(.ARM.Collect$$rtexit$$00000001) for .ARM.Collect$$rtexit$$00000001
    rtexit2.o(.ARM.exidx) refers to rtexit2.o(.ARM.Collect$$rtexit$$00000003) for .ARM.Collect$$rtexit$$00000003
    rtexit2.o(.ARM.exidx) refers to rtexit2.o(.ARM.Collect$$rtexit$$00000004) for .ARM.Collect$$rtexit$$00000004
    __raise.o(.text) refers to defsig.o(CL$$defsig) for __default_signal_handler
    defsig_general.o(.text) refers to sys_wrch.o(.text) for _ttywrch
    sys_wrch.o(.text) refers (Special) to use_no_semi.o(.text) for __I$use$semihosting
    sys_wrch.o(.text) refers (Special) to indicate_semi.o(.text) for __semihosting_library_function
    defsig.o(CL$$defsig) refers to defsig_fpe_inner.o(.text) for __rt_SIGFPE_inner
    defsig.o(CL$$defsig) refers to defsig_rtmem_inner.o(.text) for __rt_SIGRTMEM_inner
    _get_argv_nomalloc.o(.text) refers (Special) to hrguard.o(.text) for __heap_region$guard
    _get_argv_nomalloc.o(.text) refers to defsig_rtmem_outer.o(.text) for __rt_SIGRTMEM
    _get_argv_nomalloc.o(.text) refers to sys_command.o(.text) for _sys_command_string
    libshutdown.o(.ARM.Collect$$libshutdown$$00000000) refers (Special) to libshutdown2.o(.ARM.Collect$$libshutdown$$00000006) for __rt_lib_shutdown_fp_trap_1
    libshutdown.o(.ARM.Collect$$libshutdown$$00000000) refers (Special) to libshutdown2.o(.ARM.Collect$$libshutdown$$0000000E) for __rt_lib_shutdown_heap_1
    libshutdown.o(.ARM.Collect$$libshutdown$$00000000) refers (Special) to libshutdown2.o(.ARM.Collect$$libshutdown$$0000000F) for __rt_lib_shutdown_return
    libshutdown.o(.ARM.Collect$$libshutdown$$00000000) refers (Special) to libshutdown2.o(.ARM.Collect$$libshutdown$$00000009) for __rt_lib_shutdown_signal_1
    libshutdown.o(.ARM.Collect$$libshutdown$$00000000) refers (Special) to libshutdown2.o(.ARM.Collect$$libshutdown$$00000003) for __rt_lib_shutdown_stdio_1
    libshutdown.o(.ARM.Collect$$libshutdown$$00000000) refers (Special) to libshutdown2.o(.ARM.Collect$$libshutdown$$0000000B) for __rt_lib_shutdown_user_alloc_1
    sys_command.o(.text) refers (Special) to use_no_semi.o(.text) for __I$use$semihosting
    sys_command.o(.text) refers (Special) to indicate_semi.o(.text) for __semihosting_library_function
    defsig_abrt_inner.o(.text) refers to defsig_general.o(.text) for __default_signal_display
    defsig_rtred_inner.o(.text) refers to defsig_general.o(.text) for __default_signal_display
    defsig_rtmem_inner.o(.text) refers to defsig_general.o(.text) for __default_signal_display
    defsig_rtmem_outer.o(.text) refers to defsig_rtmem_inner.o(.text) for __rt_SIGRTMEM_inner
    defsig_rtmem_outer.o(.text) refers to defsig_exit.o(.text) for __sig_exit
    defsig_rtmem_formal.o(.text) refers to rt_raise.o(.text) for __rt_raise
    defsig_stak_inner.o(.text) refers to defsig_general.o(.text) for __default_signal_display
    defsig_pvfn_inner.o(.text) refers to defsig_general.o(.text) for __default_signal_display
    defsig_cppl_inner.o(.text) refers to defsig_general.o(.text) for __default_signal_display
    defsig_segv_inner.o(.text) refers to defsig_general.o(.text) for __default_signal_display
    defsig_other.o(.text) refers to defsig_general.o(.text) for __default_signal_display


==============================================================================

Removing Unused input sections from the image.

    Removing main.o(.rev16_text), (4 bytes).
    Removing main.o(.revsh_text), (4 bytes).
    Removing ads1248.o(.rev16_text), (4 bytes).
    Removing ads1248.o(.revsh_text), (4 bytes).
    Removing system_lpc11uxx.o(.rev16_text), (4 bytes).
    Removing system_lpc11uxx.o(.revsh_text), (4 bytes).
    Removing iocon_11xx.o(.rev16_text), (4 bytes).
    Removing iocon_11xx.o(.revsh_text), (4 bytes).
    Removing ssp_11xx.o(.rev16_text), (4 bytes).
    Removing ssp_11xx.o(.revsh_text), (4 bytes).
    Removing ssp_11xx.o(i.Chip_SSP_Int_FlushData), (42 bytes).
    Removing ssp_11xx.o(i.Chip_SSP_Int_RWFrames16Bits), (86 bytes).
    Removing ssp_11xx.o(i.Chip_SSP_Int_RWFrames8Bits), (86 bytes).
    Removing ssp_11xx.o(i.Chip_SSP_ReadFrames_Blocking), (208 bytes).
    Removing ssp_11xx.o(i.Chip_SSP_SetMaster), (20 bytes).
    Removing ssp_11xx.o(i.Chip_SSP_WriteFrames_Blocking), (198 bytes).
    Removing gpio_11xx_1.o(.rev16_text), (4 bytes).
    Removing gpio_11xx_1.o(.revsh_text), (4 bytes).
    Removing gpio_11xx_1.o(i.Chip_GPIO_DeInit), (16 bytes).
    Removing gpio_11xx_1.o(i.Chip_GPIO_SetDir), (28 bytes).
    Removing gpio_11xx_1.o(i.Chip_GPIO_SetPinDIR), (30 bytes).
    Removing gpio_11xx_1.o(i.Chip_GPIO_SetPortDIR), (26 bytes).
    Removing gpio_11xx_1.o(i.Chip_GPIO_WriteDirBit), (32 bytes).
    Removing clock_11xx.o(.rev16_text), (4 bytes).
    Removing clock_11xx.o(.revsh_text), (4 bytes).
    Removing clock_11xx.o(i.Chip_Clock_GetSystemClockRate), (20 bytes).
    Removing clock_11xx.o(i.Chip_Clock_GetUSBPLLInClockRate), (40 bytes).
    Removing clock_11xx.o(i.Chip_Clock_GetUSBPLLOutClockRate), (24 bytes).
    Removing clock_11xx.o(i.Chip_Clock_SetCLKOUTSource), (20 bytes).
    Removing clock_11xx.o(i.Chip_Clock_SetMainClockSource), (20 bytes).
    Removing clock_11xx.o(i.Chip_Clock_SetPLLBypass), (28 bytes).
    Removing clock_11xx.o(i.Chip_Clock_SetSystemPLLSource), (20 bytes).
    Removing clock_11xx.o(i.Chip_Clock_SetUSBClockSource), (20 bytes).
    Removing clock_11xx.o(i.Chip_Clock_SetUSBPLLSource), (20 bytes).

34 unused section(s) (total 1040 bytes) removed from the image.

==============================================================================

Image Symbol Table

    Local Symbols

    Symbol Name                              Value     Ov Type        Size  Object(Section)

    RESET                                    0x00000000   Section      192  startup_lpc11uxx.o(RESET)
    ../clib/angel/boardlib.s                 0x00000000   Number         0  boardinit2.o ABSOLUTE
    ../clib/angel/boardlib.s                 0x00000000   Number         0  boardinit1.o ABSOLUTE
    ../clib/angel/boardlib.s                 0x00000000   Number         0  boardshut.o ABSOLUTE
    ../clib/angel/boardlib.s                 0x00000000   Number         0  boardinit3.o ABSOLUTE
    ../clib/angel/handlers.s                 0x00000000   Number         0  __scatter_copy.o ABSOLUTE
    ../clib/angel/handlers.s                 0x00000000   Number         0  __scatter_zi.o ABSOLUTE
    ../clib/angel/kernel.s                   0x00000000   Number         0  rtentry.o ABSOLUTE
    ../clib/angel/kernel.s                   0x00000000   Number         0  rtentry2.o ABSOLUTE
    ../clib/angel/kernel.s                   0x00000000   Number         0  rtexit2.o ABSOLUTE
    ../clib/angel/kernel.s                   0x00000000   Number         0  rtexit.o ABSOLUTE
    ../clib/angel/kernel.s                   0x00000000   Number         0  rtentry4.o ABSOLUTE
    ../clib/angel/rt.s                       0x00000000   Number         0  aeabi_idiv0_sigfpe.o ABSOLUTE
    ../clib/angel/rt.s                       0x00000000   Number         0  rt_raise.o ABSOLUTE
    ../clib/angel/rt.s                       0x00000000   Number         0  aeabi_idiv0.o ABSOLUTE
    ../clib/angel/rt.s                       0x00000000   Number         0  rt_div0.o ABSOLUTE
    ../clib/angel/scatterp.s                 0x00000000   Number         0  __scatter.o ABSOLUTE
    ../clib/angel/startup.s                  0x00000000   Number         0  __main.o ABSOLUTE
    ../clib/angel/sys.s                      0x00000000   Number         0  libspace.o ABSOLUTE
    ../clib/angel/sys.s                      0x00000000   Number         0  tempstk.o ABSOLUTE
    ../clib/angel/sys.s                      0x00000000   Number         0  sys_stackheap_outer.o ABSOLUTE
    ../clib/angel/sys.s                      0x00000000   Number         0  indicate_semi.o ABSOLUTE
    ../clib/angel/sys.s                      0x00000000   Number         0  use_no_semi.o ABSOLUTE
    ../clib/angel/sysapp.c                   0x00000000   Number         0  sys_wrch.o ABSOLUTE
    ../clib/angel/sysapp.c                   0x00000000   Number         0  sys_exit.o ABSOLUTE
    ../clib/angel/sysapp.c                   0x00000000   Number         0  sys_command.o ABSOLUTE
    ../clib/armsys.c                         0x00000000   Number         0  _get_argv_nomalloc.o ABSOLUTE
    ../clib/armsys.c                         0x00000000   Number         0  argv_veneer.o ABSOLUTE
    ../clib/armsys.c                         0x00000000   Number         0  no_argv.o ABSOLUTE
    ../clib/division.s                       0x00000000   Number         0  aeabi_sdiv_div0.o ABSOLUTE
    ../clib/division.s                       0x00000000   Number         0  aeabi_sdiv.o ABSOLUTE
    ../clib/heapalloc.c                      0x00000000   Number         0  hrguard.o ABSOLUTE
    ../clib/heapaux.c                        0x00000000   Number         0  heapauxi.o ABSOLUTE
    ../clib/libinit.s                        0x00000000   Number         0  libshutdown.o ABSOLUTE
    ../clib/libinit.s                        0x00000000   Number         0  libshutdown2.o ABSOLUTE
    ../clib/libinit.s                        0x00000000   Number         0  libinit2.o ABSOLUTE
    ../clib/libinit.s                        0x00000000   Number         0  libinit.o ABSOLUTE
    ../clib/signal.c                         0x00000000   Number         0  defsig_abrt_inner.o ABSOLUTE
    ../clib/signal.c                         0x00000000   Number         0  defsig_fpe_inner.o ABSOLUTE
    ../clib/signal.c                         0x00000000   Number         0  defsig_pvfn_inner.o ABSOLUTE
    ../clib/signal.c                         0x00000000   Number         0  defsig_rtmem_outer.o ABSOLUTE
    ../clib/signal.c                         0x00000000   Number         0  defsig_fpe_formal.o ABSOLUTE
    ../clib/signal.c                         0x00000000   Number         0  defsig_fpe_outer.o ABSOLUTE
    ../clib/signal.c                         0x00000000   Number         0  defsig_other.o ABSOLUTE
    ../clib/signal.c                         0x00000000   Number         0  defsig_segv_inner.o ABSOLUTE
    ../clib/signal.c                         0x00000000   Number         0  defsig_cppl_inner.o ABSOLUTE
    ../clib/signal.c                         0x00000000   Number         0  defsig_rtmem_formal.o ABSOLUTE
    ../clib/signal.c                         0x00000000   Number         0  defsig_rtmem_inner.o ABSOLUTE
    ../clib/signal.c                         0x00000000   Number         0  defsig_rtred_inner.o ABSOLUTE
    ../clib/signal.c                         0x00000000   Number         0  defsig_exit.o ABSOLUTE
    ../clib/signal.c                         0x00000000   Number         0  defsig_general.o ABSOLUTE
    ../clib/signal.c                         0x00000000   Number         0  __raise.o ABSOLUTE
    ../clib/signal.c                         0x00000000   Number         0  defsig_stak_inner.o ABSOLUTE
    ../clib/signal.s                         0x00000000   Number         0  defsig.o ABSOLUTE
    ../clib/stdlib.c                         0x00000000   Number         0  exit.o ABSOLUTE
    ../fplib/cfplib/fpinit.c                 0x00000000   Number         0  fpinit.o ABSOLUTE
    RTE\Device\LPC11U14FBD48_201\startup_LPC11Uxx.s 0x00000000   Number         0  startup_lpc11uxx.o ABSOLUTE
    RTE\Device\LPC11U14FBD48_201\system_LPC11Uxx.c 0x00000000   Number         0  system_lpc11uxx.o ABSOLUTE
    RTE\\Device\\LPC11U14FBD48_201\\system_LPC11Uxx.c 0x00000000   Number         0  system_lpc11uxx.o ABSOLUTE
    ads1248.c                                0x00000000   Number         0  ads1248.o ABSOLUTE
    ads1248.c                                0x00000000   Number         0  ads1248.o ABSOLUTE
    clock_11xx.c                             0x00000000   Number         0  clock_11xx.o ABSOLUTE
    clock_11xx.c                             0x00000000   Number         0  clock_11xx.o ABSOLUTE
    dc.s                                     0x00000000   Number         0  dc.o ABSOLUTE
    gpio_11xx_1.c                            0x00000000   Number         0  gpio_11xx_1.o ABSOLUTE
    gpio_11xx_1.c                            0x00000000   Number         0  gpio_11xx_1.o ABSOLUTE
    iocon_11xx.c                             0x00000000   Number         0  iocon_11xx.o ABSOLUTE
    iocon_11xx.c                             0x00000000   Number         0  iocon_11xx.o ABSOLUTE
    main.c                                   0x00000000   Number         0  main.o ABSOLUTE
    main.c                                   0x00000000   Number         0  main.o ABSOLUTE
    ssp_11xx.c                               0x00000000   Number         0  ssp_11xx.o ABSOLUTE
    ssp_11xx.c                               0x00000000   Number         0  ssp_11xx.o ABSOLUTE
    !!!main                                  0x000000c0   Section        8  __main.o(!!!main)
    !!!scatter                               0x000000c8   Section       60  __scatter.o(!!!scatter)
    !!handler_copy                           0x00000104   Section       26  __scatter_copy.o(!!handler_copy)
    !!handler_zi                             0x00000120   Section       28  __scatter_zi.o(!!handler_zi)
    .ARM.Collect$$libinit$$00000000          0x0000013c   Section        2  libinit.o(.ARM.Collect$$libinit$$00000000)
    .ARM.Collect$$libinit$$00000001          0x0000013e   Section        4  libinit2.o(.ARM.Collect$$libinit$$00000001)
    .ARM.Collect$$libinit$$00000008          0x00000142   Section        0  libinit2.o(.ARM.Collect$$libinit$$00000008)
    .ARM.Collect$$libinit$$0000000A          0x00000142   Section        0  libinit2.o(.ARM.Collect$$libinit$$0000000A)
    .ARM.Collect$$libinit$$0000000C          0x00000142   Section        0  libinit2.o(.ARM.Collect$$libinit$$0000000C)
    .ARM.Collect$$libinit$$0000000F          0x00000142   Section        0  libinit2.o(.ARM.Collect$$libinit$$0000000F)
    .ARM.Collect$$libinit$$00000011          0x00000142   Section        0  libinit2.o(.ARM.Collect$$libinit$$00000011)
    .ARM.Collect$$libinit$$00000013          0x00000142   Section        0  libinit2.o(.ARM.Collect$$libinit$$00000013)
    .ARM.Collect$$libinit$$00000015          0x00000142   Section        0  libinit2.o(.ARM.Collect$$libinit$$00000015)
    .ARM.Collect$$libinit$$00000017          0x00000142   Section        0  libinit2.o(.ARM.Collect$$libinit$$00000017)
    .ARM.Collect$$libinit$$00000019          0x00000142   Section        0  libinit2.o(.ARM.Collect$$libinit$$00000019)
    .ARM.Collect$$libinit$$0000001B          0x00000142   Section        0  libinit2.o(.ARM.Collect$$libinit$$0000001B)
    .ARM.Collect$$libinit$$0000001D          0x00000142   Section        0  libinit2.o(.ARM.Collect$$libinit$$0000001D)
    .ARM.Collect$$libinit$$0000001F          0x00000142   Section        0  libinit2.o(.ARM.Collect$$libinit$$0000001F)
    .ARM.Collect$$libinit$$00000021          0x00000142   Section        0  libinit2.o(.ARM.Collect$$libinit$$00000021)
    .ARM.Collect$$libinit$$00000023          0x00000142   Section        0  libinit2.o(.ARM.Collect$$libinit$$00000023)
    .ARM.Collect$$libinit$$0000002A          0x00000142   Section        0  libinit2.o(.ARM.Collect$$libinit$$0000002A)
    .ARM.Collect$$libinit$$0000002C          0x00000142   Section        0  libinit2.o(.ARM.Collect$$libinit$$0000002C)
    .ARM.Collect$$libinit$$0000002E          0x00000142   Section        0  libinit2.o(.ARM.Collect$$libinit$$0000002E)
    .ARM.Collect$$libinit$$00000030          0x00000142   Section        0  libinit2.o(.ARM.Collect$$libinit$$00000030)
    .ARM.Collect$$libinit$$00000031          0x00000142   Section        2  libinit2.o(.ARM.Collect$$libinit$$00000031)
    .ARM.Collect$$libshutdown$$00000000      0x00000144   Section        2  libshutdown.o(.ARM.Collect$$libshutdown$$00000000)
    .ARM.Collect$$libshutdown$$00000003      0x00000146   Section        0  libshutdown2.o(.ARM.Collect$$libshutdown$$00000003)
    .ARM.Collect$$libshutdown$$00000006      0x00000146   Section        0  libshutdown2.o(.ARM.Collect$$libshutdown$$00000006)
    .ARM.Collect$$libshutdown$$00000009      0x00000146   Section        0  libshutdown2.o(.ARM.Collect$$libshutdown$$00000009)
    .ARM.Collect$$libshutdown$$0000000B      0x00000146   Section        0  libshutdown2.o(.ARM.Collect$$libshutdown$$0000000B)
    .ARM.Collect$$libshutdown$$0000000E      0x00000146   Section        0  libshutdown2.o(.ARM.Collect$$libshutdown$$0000000E)
    .ARM.Collect$$libshutdown$$0000000F      0x00000146   Section        2  libshutdown2.o(.ARM.Collect$$libshutdown$$0000000F)
    .ARM.Collect$$rtentry$$00000000          0x00000148   Section        0  rtentry.o(.ARM.Collect$$rtentry$$00000000)
    .ARM.Collect$$rtentry$$00000002          0x00000148   Section        0  rtentry2.o(.ARM.Collect$$rtentry$$00000002)
    .ARM.Collect$$rtentry$$00000004          0x00000148   Section        6  rtentry4.o(.ARM.Collect$$rtentry$$00000004)
    .ARM.Collect$$rtentry$$00000009          0x0000014e   Section        0  rtentry2.o(.ARM.Collect$$rtentry$$00000009)
    .ARM.Collect$$rtentry$$0000000A          0x0000014e   Section        4  rtentry2.o(.ARM.Collect$$rtentry$$0000000A)
    .ARM.Collect$$rtentry$$0000000C          0x00000152   Section        0  rtentry2.o(.ARM.Collect$$rtentry$$0000000C)
    .ARM.Collect$$rtentry$$0000000D          0x00000152   Section        8  rtentry2.o(.ARM.Collect$$rtentry$$0000000D)
    .ARM.Collect$$rtexit$$00000000           0x0000015a   Section        2  rtexit.o(.ARM.Collect$$rtexit$$00000000)
    .ARM.Collect$$rtexit$$00000002           0x0000015c   Section        0  rtexit2.o(.ARM.Collect$$rtexit$$00000002)
    .ARM.Collect$$rtexit$$00000003           0x0000015c   Section        4  rtexit2.o(.ARM.Collect$$rtexit$$00000003)
    .ARM.Collect$$rtexit$$00000004           0x00000160   Section        6  rtexit2.o(.ARM.Collect$$rtexit$$00000004)
    .text                                    0x00000166   Section        0  main.o(.text)
    .text                                    0x0000019c   Section       56  startup_lpc11uxx.o(.text)
    .text                                    0x000001d4   Section        0  heapauxi.o(.text)
    .text                                    0x000001da   Section       62  sys_stackheap_outer.o(.text)
    .text                                    0x00000218   Section        0  exit.o(.text)
    .text                                    0x00000224   Section        8  libspace.o(.text)
    .text                                    0x0000022c   Section        0  sys_exit.o(.text)
    .text                                    0x00000238   Section        2  use_no_semi.o(.text)
    .text                                    0x0000023a   Section        0  indicate_semi.o(.text)
    i.Chip_Clock_GetMainClockRate            0x0000023c   Section        0  clock_11xx.o(i.Chip_Clock_GetMainClockRate)
    i.Chip_Clock_GetPLLFreq                  0x00000274   Section        0  clock_11xx.o(i.Chip_Clock_GetPLLFreq)
    Chip_Clock_GetPLLFreq                    0x00000275   Thumb Code    12  clock_11xx.o(i.Chip_Clock_GetPLLFreq)
    i.Chip_Clock_GetSystemPLLInClockRate     0x00000280   Section        0  clock_11xx.o(i.Chip_Clock_GetSystemPLLInClockRate)
    i.Chip_Clock_GetSystemPLLOutClockRate    0x000002a8   Section        0  clock_11xx.o(i.Chip_Clock_GetSystemPLLOutClockRate)
    i.Chip_Clock_GetWDTOSCRate               0x000002c0   Section        0  clock_11xx.o(i.Chip_Clock_GetWDTOSCRate)
    i.Chip_GPIO_Init                         0x000002e4   Section        0  gpio_11xx_1.o(i.Chip_GPIO_Init)
    .constdata                               0x000002f4   Section        4  main.o(.constdata)
    .ARM.__at_0x02FC                         0x000002fc   Section        4  startup_lpc11uxx.o(.ARM.__at_0x02FC)
    .text                                    0x00000300   Section        0  ads1248.o(.text)
    Chip_GPIO_SetPinDIROutput                0x00000301   Thumb Code    30  ads1248.o(.text)
    Chip_ADS1248_BufferInit                  0x0000031f   Thumb Code    24  ads1248.o(.text)
    Chip_GPIO_SetPinOutHigh                  0x00000877   Thumb Code    18  ads1248.o(.text)
    Chip_GPIO_SetPinOutLow                   0x00000889   Thumb Code    18  ads1248.o(.text)
    .text                                    0x0000089c   Section        0  system_lpc11uxx.o(.text)
    .text                                    0x00000b1c   Section      346  aeabi_sdiv.o(.text)
    i.Chip_IOCON_PinMuxSet                   0x00000c76   Section        0  iocon_11xx.o(i.Chip_IOCON_PinMuxSet)
    i.Chip_SSP_DeInit                        0x00000c88   Section        0  ssp_11xx.o(i.Chip_SSP_DeInit)
    i.Chip_SSP_GetClockIndex                 0x00000cb4   Section        0  ssp_11xx.o(i.Chip_SSP_GetClockIndex)
    Chip_SSP_GetClockIndex                   0x00000cb5   Thumb Code    14  ssp_11xx.o(i.Chip_SSP_GetClockIndex)
    i.Chip_SSP_GetRawIntStatus               0x00000cc8   Section        0  ssp_11xx.o(i.Chip_SSP_GetRawIntStatus)
    Chip_SSP_GetRawIntStatus                 0x00000cc9   Thumb Code    10  ssp_11xx.o(i.Chip_SSP_GetRawIntStatus)
    i.Chip_SSP_GetStatus                     0x00000cd2   Section        0  ssp_11xx.o(i.Chip_SSP_GetStatus)
    Chip_SSP_GetStatus                       0x00000cd3   Thumb Code    10  ssp_11xx.o(i.Chip_SSP_GetStatus)
    i.Chip_SSP_Init                          0x00000cdc   Section        0  ssp_11xx.o(i.Chip_SSP_Init)
    i.Chip_SSP_RWFrames_Blocking             0x00000d44   Section        0  ssp_11xx.o(i.Chip_SSP_RWFrames_Blocking)
    i.Chip_SSP_SetBitRate                    0x00000e00   Section        0  ssp_11xx.o(i.Chip_SSP_SetBitRate)
    i.Chip_SSP_SetClockRate                  0x00000e58   Section        0  ssp_11xx.o(i.Chip_SSP_SetClockRate)
    i.Chip_SSP_SetSSPClkDivider              0x00000e70   Section        0  ssp_11xx.o(i.Chip_SSP_SetSSPClkDivider)
    Chip_SSP_SetSSPClkDivider                0x00000e71   Thumb Code    16  ssp_11xx.o(i.Chip_SSP_SetSSPClkDivider)
    i.SSP_Read1BFifo                         0x00000e88   Section        0  ssp_11xx.o(i.SSP_Read1BFifo)
    SSP_Read1BFifo                           0x00000e89   Thumb Code    48  ssp_11xx.o(i.SSP_Read1BFifo)
    i.SSP_Read2BFifo                         0x00000eb8   Section        0  ssp_11xx.o(i.SSP_Read2BFifo)
    SSP_Read2BFifo                           0x00000eb9   Thumb Code    48  ssp_11xx.o(i.SSP_Read2BFifo)
    i.SSP_Write1BFifo                        0x00000ee8   Section        0  ssp_11xx.o(i.SSP_Write1BFifo)
    SSP_Write1BFifo                          0x00000ee9   Thumb Code    24  ssp_11xx.o(i.SSP_Write1BFifo)
    i.SSP_Write2BFifo                        0x00000f00   Section        0  ssp_11xx.o(i.SSP_Write2BFifo)
    SSP_Write2BFifo                          0x00000f01   Thumb Code    24  ssp_11xx.o(i.SSP_Write2BFifo)
    i.__ARM_common_switch8                   0x00000f1c   Section        0  system_lpc11uxx.o(i.__ARM_common_switch8)
    .constdata                               0x00000f38   Section       64  clock_11xx.o(.constdata)
    wdtOSCRate                               0x00000f38   Data          64  clock_11xx.o(.constdata)
    .data                                    0x10000000   Section        3  ads1248.o(.data)
    ssp_format                               0x10000000   Data           3  ads1248.o(.data)
    .data                                    0x10000004   Section        4  system_lpc11uxx.o(.data)
    .bss                                     0x10000008   Section       20  ads1248.o(.bss)
    rx_buf                                   0x10000008   Data          10  ads1248.o(.bss)
    tx_buf                                   0x10000012   Data          10  ads1248.o(.bss)
    .bss                                     0x1000001c   Section       96  libspace.o(.bss)
    HEAP                                     0x10000080   Section        0  startup_lpc11uxx.o(HEAP)
    STACK                                    0x10000080   Section      512  startup_lpc11uxx.o(STACK)
    Heap_Mem                                 0x10000080   Data           0  startup_lpc11uxx.o(HEAP)
    Stack_Mem                                0x10000080   Data         512  startup_lpc11uxx.o(STACK)
    __initial_sp                             0x10000280   Data           0  startup_lpc11uxx.o(STACK)

    Global Symbols

    Symbol Name                              Value     Ov Type        Size  Object(Section)

    BuildAttributes$$THM_ISAv3M$S$PE$A:L22$X:L11$S22$IEEE1$IW$USESV6$~STKCKD$USESV7$~SHL$OSPACE$ROPI$EBA8$UX$STANDARDLIB$REQ8$PRES8$EABIv2 0x00000000   Number         0  anon$$obj.o ABSOLUTE
    __ARM_use_no_argv                        0x00000000   Number         0  main.o ABSOLUTE
    __Vectors                                0x00000000   Data           4  startup_lpc11uxx.o(RESET)
    __ARM_exceptions_init                     - Undefined Weak Reference
    __alloca_initialize                       - Undefined Weak Reference
    __cpp_initialize__aeabi_                  - Undefined Weak Reference
    __cxa_finalize                            - Undefined Weak Reference
    __rt_locale                               - Undefined Weak Reference
    __sigvec_lookup                           - Undefined Weak Reference
    _atexit_init                              - Undefined Weak Reference
    _call_atexit_fns                          - Undefined Weak Reference
    _clock_init                               - Undefined Weak Reference
    _fp_trap_init                             - Undefined Weak Reference
    _fp_trap_shutdown                         - Undefined Weak Reference
    _get_lc_collate                           - Undefined Weak Reference
    _get_lc_ctype                             - Undefined Weak Reference
    _get_lc_monetary                          - Undefined Weak Reference
    _get_lc_numeric                           - Undefined Weak Reference
    _get_lc_time                              - Undefined Weak Reference
    _getenv_init                              - Undefined Weak Reference
    _handle_redirection                       - Undefined Weak Reference
    _init_alloc                               - Undefined Weak Reference
    _init_user_alloc                          - Undefined Weak Reference
    _initio                                   - Undefined Weak Reference
    _rand_init                                - Undefined Weak Reference
    _signal_finish                            - Undefined Weak Reference
    _signal_init                              - Undefined Weak Reference
    _terminate_alloc                          - Undefined Weak Reference
    _terminate_user_alloc                     - Undefined Weak Reference
    _terminateio                              - Undefined Weak Reference
    __main                                   0x000000c1   Thumb Code     8  __main.o(!!!main)
    __scatterload                            0x000000c9   Thumb Code     0  __scatter.o(!!!scatter)
    __scatterload_rt2                        0x000000c9   Thumb Code    52  __scatter.o(!!!scatter)
    __scatterload_rt2_thumb_only             0x000000c9   Thumb Code     0  __scatter.o(!!!scatter)
    __scatterload_null                       0x000000d9   Thumb Code     0  __scatter.o(!!!scatter)
    __scatterload_copy                       0x00000105   Thumb Code    26  __scatter_copy.o(!!handler_copy)
    __scatterload_zeroinit                   0x00000121   Thumb Code    28  __scatter_zi.o(!!handler_zi)
    __rt_lib_init                            0x0000013d   Thumb Code     0  libinit.o(.ARM.Collect$$libinit$$00000000)
    __rt_lib_init_fp_1                       0x0000013f   Thumb Code     0  libinit2.o(.ARM.Collect$$libinit$$00000001)
    __rt_lib_init_alloca_1                   0x00000143   Thumb Code     0  libinit2.o(.ARM.Collect$$libinit$$0000002C)
    __rt_lib_init_argv_1                     0x00000143   Thumb Code     0  libinit2.o(.ARM.Collect$$libinit$$0000002A)
    __rt_lib_init_atexit_1                   0x00000143   Thumb Code     0  libinit2.o(.ARM.Collect$$libinit$$00000019)
    __rt_lib_init_clock_1                    0x00000143   Thumb Code     0  libinit2.o(.ARM.Collect$$libinit$$0000001F)
    __rt_lib_init_cpp_1                      0x00000143   Thumb Code     0  libinit2.o(.ARM.Collect$$libinit$$00000030)
    __rt_lib_init_exceptions_1               0x00000143   Thumb Code     0  libinit2.o(.ARM.Collect$$libinit$$0000002E)
    __rt_lib_init_fp_trap_1                  0x00000143   Thumb Code     0  libinit2.o(.ARM.Collect$$libinit$$0000001D)
    __rt_lib_init_getenv_1                   0x00000143   Thumb Code     0  libinit2.o(.ARM.Collect$$libinit$$00000021)
    __rt_lib_init_heap_1                     0x00000143   Thumb Code     0  libinit2.o(.ARM.Collect$$libinit$$00000008)
    __rt_lib_init_lc_collate_1               0x00000143   Thumb Code     0  libinit2.o(.ARM.Collect$$libinit$$0000000F)
    __rt_lib_init_lc_ctype_1                 0x00000143   Thumb Code     0  libinit2.o(.ARM.Collect$$libinit$$00000011)
    __rt_lib_init_lc_monetary_1              0x00000143   Thumb Code     0  libinit2.o(.ARM.Collect$$libinit$$00000013)
    __rt_lib_init_lc_numeric_1               0x00000143   Thumb Code     0  libinit2.o(.ARM.Collect$$libinit$$00000015)
    __rt_lib_init_lc_time_1                  0x00000143   Thumb Code     0  libinit2.o(.ARM.Collect$$libinit$$00000017)
    __rt_lib_init_rand_1                     0x00000143   Thumb Code     0  libinit2.o(.ARM.Collect$$libinit$$0000000C)
    __rt_lib_init_return                     0x00000143   Thumb Code     0  libinit2.o(.ARM.Collect$$libinit$$00000031)
    __rt_lib_init_signal_1                   0x00000143   Thumb Code     0  libinit2.o(.ARM.Collect$$libinit$$0000001B)
    __rt_lib_init_stdio_1                    0x00000143   Thumb Code     0  libinit2.o(.ARM.Collect$$libinit$$00000023)
    __rt_lib_init_user_alloc_1               0x00000143   Thumb Code     0  libinit2.o(.ARM.Collect$$libinit$$0000000A)
    __rt_lib_shutdown                        0x00000145   Thumb Code     0  libshutdown.o(.ARM.Collect$$libshutdown$$00000000)
    __rt_lib_shutdown_fp_trap_1              0x00000147   Thumb Code     0  libshutdown2.o(.ARM.Collect$$libshutdown$$00000006)
    __rt_lib_shutdown_heap_1                 0x00000147   Thumb Code     0  libshutdown2.o(.ARM.Collect$$libshutdown$$0000000E)
    __rt_lib_shutdown_return                 0x00000147   Thumb Code     0  libshutdown2.o(.ARM.Collect$$libshutdown$$0000000F)
    __rt_lib_shutdown_signal_1               0x00000147   Thumb Code     0  libshutdown2.o(.ARM.Collect$$libshutdown$$00000009)
    __rt_lib_shutdown_stdio_1                0x00000147   Thumb Code     0  libshutdown2.o(.ARM.Collect$$libshutdown$$00000003)
    __rt_lib_shutdown_user_alloc_1           0x00000147   Thumb Code     0  libshutdown2.o(.ARM.Collect$$libshutdown$$0000000B)
    __rt_entry                               0x00000149   Thumb Code     0  rtentry.o(.ARM.Collect$$rtentry$$00000000)
    __rt_entry_presh_1                       0x00000149   Thumb Code     0  rtentry2.o(.ARM.Collect$$rtentry$$00000002)
    __rt_entry_sh                            0x00000149   Thumb Code     0  rtentry4.o(.ARM.Collect$$rtentry$$00000004)
    __rt_entry_li                            0x0000014f   Thumb Code     0  rtentry2.o(.ARM.Collect$$rtentry$$0000000A)
    __rt_entry_postsh_1                      0x0000014f   Thumb Code     0  rtentry2.o(.ARM.Collect$$rtentry$$00000009)
    __rt_entry_main                          0x00000153   Thumb Code     0  rtentry2.o(.ARM.Collect$$rtentry$$0000000D)
    __rt_entry_postli_1                      0x00000153   Thumb Code     0  rtentry2.o(.ARM.Collect$$rtentry$$0000000C)
    __rt_exit                                0x0000015b   Thumb Code     0  rtexit.o(.ARM.Collect$$rtexit$$00000000)
    __rt_exit_ls                             0x0000015d   Thumb Code     0  rtexit2.o(.ARM.Collect$$rtexit$$00000003)
    __rt_exit_prels_1                        0x0000015d   Thumb Code     0  rtexit2.o(.ARM.Collect$$rtexit$$00000002)
    __rt_exit_exit                           0x00000161   Thumb Code     0  rtexit2.o(.ARM.Collect$$rtexit$$00000004)
    main                                     0x00000167   Thumb Code    52  main.o(.text)
    Reset_Handler                            0x0000019d   Thumb Code     8  startup_lpc11uxx.o(.text)
    NMI_Handler                              0x000001a5   Thumb Code     2  startup_lpc11uxx.o(.text)
    HardFault_Handler                        0x000001a7   Thumb Code     2  startup_lpc11uxx.o(.text)
    SVC_Handler                              0x000001a9   Thumb Code     2  startup_lpc11uxx.o(.text)
    PendSV_Handler                           0x000001ab   Thumb Code     2  startup_lpc11uxx.o(.text)
    SysTick_Handler                          0x000001ad   Thumb Code     2  startup_lpc11uxx.o(.text)
    Reserved_IRQHandler                      0x000001af   Thumb Code     2  startup_lpc11uxx.o(.text)
    ADC_IRQHandler                           0x000001b1   Thumb Code     0  startup_lpc11uxx.o(.text)
    BOD_IRQHandler                           0x000001b1   Thumb Code     0  startup_lpc11uxx.o(.text)
    FLEX_INT0_IRQHandler                     0x000001b1   Thumb Code     0  startup_lpc11uxx.o(.text)
    FLEX_INT1_IRQHandler                     0x000001b1   Thumb Code     0  startup_lpc11uxx.o(.text)
    FLEX_INT2_IRQHandler                     0x000001b1   Thumb Code     0  startup_lpc11uxx.o(.text)
    FLEX_INT3_IRQHandler                     0x000001b1   Thumb Code     0  startup_lpc11uxx.o(.text)
    FLEX_INT4_IRQHandler                     0x000001b1   Thumb Code     0  startup_lpc11uxx.o(.text)
    FLEX_INT5_IRQHandler                     0x000001b1   Thumb Code     0  startup_lpc11uxx.o(.text)
    FLEX_INT6_IRQHandler                     0x000001b1   Thumb Code     0  startup_lpc11uxx.o(.text)
    FLEX_INT7_IRQHandler                     0x000001b1   Thumb Code     0  startup_lpc11uxx.o(.text)
    FMC_IRQHandler                           0x000001b1   Thumb Code     0  startup_lpc11uxx.o(.text)
    GINT0_IRQHandler                         0x000001b1   Thumb Code     0  startup_lpc11uxx.o(.text)
    GINT1_IRQHandler                         0x000001b1   Thumb Code     0  startup_lpc11uxx.o(.text)
    I2C_IRQHandler                           0x000001b1   Thumb Code     0  startup_lpc11uxx.o(.text)
    IOH_IRQHandler                           0x000001b1   Thumb Code     0  startup_lpc11uxx.o(.text)
    SSP0_IRQHandler                          0x000001b1   Thumb Code     0  startup_lpc11uxx.o(.text)
    SSP1_IRQHandler                          0x000001b1   Thumb Code     0  startup_lpc11uxx.o(.text)
    TIMER16_0_IRQHandler                     0x000001b1   Thumb Code     0  startup_lpc11uxx.o(.text)
    TIMER16_1_IRQHandler                     0x000001b1   Thumb Code     0  startup_lpc11uxx.o(.text)
    TIMER32_0_IRQHandler                     0x000001b1   Thumb Code     0  startup_lpc11uxx.o(.text)
    TIMER32_1_IRQHandler                     0x000001b1   Thumb Code     0  startup_lpc11uxx.o(.text)
    UART_IRQHandler                          0x000001b1   Thumb Code     0  startup_lpc11uxx.o(.text)
    USBWakeup_IRQHandler                     0x000001b1   Thumb Code     0  startup_lpc11uxx.o(.text)
    USB_FIQHandler                           0x000001b1   Thumb Code     0  startup_lpc11uxx.o(.text)
    USB_IRQHandler                           0x000001b1   Thumb Code     0  startup_lpc11uxx.o(.text)
    WDT_IRQHandler                           0x000001b1   Thumb Code     0  startup_lpc11uxx.o(.text)
    __user_initial_stackheap                 0x000001b5   Thumb Code     0  startup_lpc11uxx.o(.text)
    __use_two_region_memory                  0x000001d5   Thumb Code     2  heapauxi.o(.text)
    __rt_heap_escrow$2region                 0x000001d7   Thumb Code     2  heapauxi.o(.text)
    __rt_heap_expand$2region                 0x000001d9   Thumb Code     2  heapauxi.o(.text)
    __user_setup_stackheap                   0x000001db   Thumb Code    62  sys_stackheap_outer.o(.text)
    exit                                     0x00000219   Thumb Code    12  exit.o(.text)
    __user_libspace                          0x00000225   Thumb Code     8  libspace.o(.text)
    __user_perproc_libspace                  0x00000225   Thumb Code     0  libspace.o(.text)
    __user_perthread_libspace                0x00000225   Thumb Code     0  libspace.o(.text)
    _sys_exit                                0x0000022d   Thumb Code     8  sys_exit.o(.text)
    __I$use$semihosting                      0x00000239   Thumb Code     0  use_no_semi.o(.text)
    __use_no_semihosting_swi                 0x00000239   Thumb Code     2  use_no_semi.o(.text)
    __semihosting_library_function           0x0000023b   Thumb Code     0  indicate_semi.o(.text)
    Chip_Clock_GetMainClockRate              0x0000023d   Thumb Code    48  clock_11xx.o(i.Chip_Clock_GetMainClockRate)
    Chip_Clock_GetSystemPLLInClockRate       0x00000281   Thumb Code    28  clock_11xx.o(i.Chip_Clock_GetSystemPLLInClockRate)
    Chip_Clock_GetSystemPLLOutClockRate      0x000002a9   Thumb Code    18  clock_11xx.o(i.Chip_Clock_GetSystemPLLOutClockRate)
    Chip_Clock_GetWDTOSCRate                 0x000002c1   Thumb Code    28  clock_11xx.o(i.Chip_Clock_GetWDTOSCRate)
    Chip_GPIO_Init                           0x000002e5   Thumb Code    12  gpio_11xx_1.o(i.Chip_GPIO_Init)
    OscRateIn                                0x000002f4   Data           4  main.o(.constdata)
    Chip_ADS1248_Init                        0x00000337   Thumb Code   380  ads1248.o(.text)
    Chip_ADS1248_ReadRegister                0x000004b3   Thumb Code    80  ads1248.o(.text)
    Chip_ADS1248_WriteRegister               0x00000503   Thumb Code    82  ads1248.o(.text)
    Chip_ADS1248_SetVBIAS                    0x00000555   Thumb Code    54  ads1248.o(.text)
    Chip_ADS1248_SetNegativeInput            0x0000058b   Thumb Code    66  ads1248.o(.text)
    Chip_ADS1248_SetPositiveInput            0x000005cd   Thumb Code    66  ads1248.o(.text)
    Chip_ADS1248_SetBurnout                  0x0000060f   Thumb Code    50  ads1248.o(.text)
    Chip_ADS1248_GetClkStat                  0x00000641   Thumb Code    14  ads1248.o(.text)
    Chip_ADS1248_SetInternalVref             0x0000064f   Thumb Code    46  ads1248.o(.text)
    Chip_ADS1248_SetVrefInput                0x0000067d   Thumb Code    50  ads1248.o(.text)
    Chip_ADS1248_MuxCal                      0x000006af   Thumb Code    66  ads1248.o(.text)
    Chip_ADS1248_SetPGA                      0x000006f1   Thumb Code    90  ads1248.o(.text)
    Chip_ADS1248_SetSPS                      0x0000074b   Thumb Code    74  ads1248.o(.text)
    Chip_ADS1248_SetIdacValue                0x00000795   Thumb Code    66  ads1248.o(.text)
    Chip_ADS1248_SetIDAC1                    0x000007d7   Thumb Code    78  ads1248.o(.text)
    Chip_ADS1248_SetIDAC2                    0x00000825   Thumb Code    78  ads1248.o(.text)
    Chip_ADS1248_GetData                     0x00000873   Thumb Code     4  ads1248.o(.text)
    SystemCoreClockUpdate                    0x0000089d   Thumb Code   368  system_lpc11uxx.o(.text)
    SystemInit                               0x00000a0d   Thumb Code   194  system_lpc11uxx.o(.text)
    __aeabi_uidiv                            0x00000b1d   Thumb Code     0  aeabi_sdiv.o(.text)
    __aeabi_uidivmod                         0x00000b1d   Thumb Code    20  aeabi_sdiv.o(.text)
    __aeabi_idiv                             0x00000b31   Thumb Code     0  aeabi_sdiv.o(.text)
    __aeabi_idivmod                          0x00000b31   Thumb Code   326  aeabi_sdiv.o(.text)
    Chip_IOCON_PinMuxSet                     0x00000c77   Thumb Code    16  iocon_11xx.o(i.Chip_IOCON_PinMuxSet)
    Chip_SSP_DeInit                          0x00000c89   Thumb Code    40  ssp_11xx.o(i.Chip_SSP_DeInit)
    Chip_SSP_Init                            0x00000cdd   Thumb Code    90  ssp_11xx.o(i.Chip_SSP_Init)
    Chip_SSP_RWFrames_Blocking               0x00000d45   Thumb Code   188  ssp_11xx.o(i.Chip_SSP_RWFrames_Blocking)
    Chip_SSP_SetBitRate                      0x00000e01   Thumb Code    78  ssp_11xx.o(i.Chip_SSP_SetBitRate)
    Chip_SSP_SetClockRate                    0x00000e59   Thumb Code    22  ssp_11xx.o(i.Chip_SSP_SetClockRate)
    __ARM_common_switch8                     0x00000f1d   Thumb Code    28  system_lpc11uxx.o(i.__ARM_common_switch8)
    Region$$Table$$Base                      0x00000f78   Number         0  anon$$obj.o(Region$$Table)
    Region$$Table$$Limit                     0x00000f98   Number         0  anon$$obj.o(Region$$Table)
    SystemCoreClock                          0x10000004   Data           4  system_lpc11uxx.o(.data)
    __libspace_start                         0x1000001c   Data          96  libspace.o(.bss)
    __temporary_stack_top$libspace           0x1000007c   Data           0  libspace.o(.bss)



==============================================================================

Memory Map of the image

  Image Entry point : 0x000000c1

  Load Region LR_IROM1 (Base: 0x00000000, Size: 0x00000fa0, Max: 0x00008000, ABSOLUTE)

    Execution Region ER_IROM1 (Base: 0x00000000, Size: 0x00000f98, Max: 0x00008000, ABSOLUTE)

    Base Addr    Size         Type   Attr      Idx    E Section Name        Object

    0x00000000   0x000000c0   Data   RO          153    RESET               startup_lpc11uxx.o
    0x000000c0   0x00000008   Code   RO          577  * !!!main             c_p.l(__main.o)
    0x000000c8   0x0000003c   Code   RO          743    !!!scatter          c_p.l(__scatter.o)
    0x00000104   0x0000001a   Code   RO          745    !!handler_copy      c_p.l(__scatter_copy.o)
    0x0000011e   0x00000002   PAD
    0x00000120   0x0000001c   Code   RO          747    !!handler_zi        c_p.l(__scatter_zi.o)
    0x0000013c   0x00000002   Code   RO          615    .ARM.Collect$$libinit$$00000000  c_p.l(libinit.o)
    0x0000013e   0x00000004   Code   RO          628    .ARM.Collect$$libinit$$00000001  c_p.l(libinit2.o)
    0x00000142   0x00000000   Code   RO          632    .ARM.Collect$$libinit$$00000008  c_p.l(libinit2.o)
    0x00000142   0x00000000   Code   RO          634    .ARM.Collect$$libinit$$0000000A  c_p.l(libinit2.o)
    0x00000142   0x00000000   Code   RO          636    .ARM.Collect$$libinit$$0000000C  c_p.l(libinit2.o)
    0x00000142   0x00000000   Code   RO          639    .ARM.Collect$$libinit$$0000000F  c_p.l(libinit2.o)
    0x00000142   0x00000000   Code   RO          641    .ARM.Collect$$libinit$$00000011  c_p.l(libinit2.o)
    0x00000142   0x00000000   Code   RO          643    .ARM.Collect$$libinit$$00000013  c_p.l(libinit2.o)
    0x00000142   0x00000000   Code   RO          645    .ARM.Collect$$libinit$$00000015  c_p.l(libinit2.o)
    0x00000142   0x00000000   Code   RO          647    .ARM.Collect$$libinit$$00000017  c_p.l(libinit2.o)
    0x00000142   0x00000000   Code   RO          649    .ARM.Collect$$libinit$$00000019  c_p.l(libinit2.o)
    0x00000142   0x00000000   Code   RO          651    .ARM.Collect$$libinit$$0000001B  c_p.l(libinit2.o)
    0x00000142   0x00000000   Code   RO          653    .ARM.Collect$$libinit$$0000001D  c_p.l(libinit2.o)
    0x00000142   0x00000000   Code   RO          655    .ARM.Collect$$libinit$$0000001F  c_p.l(libinit2.o)
    0x00000142   0x00000000   Code   RO          657    .ARM.Collect$$libinit$$00000021  c_p.l(libinit2.o)
    0x00000142   0x00000000   Code   RO          659    .ARM.Collect$$libinit$$00000023  c_p.l(libinit2.o)
    0x00000142   0x00000000   Code   RO          663    .ARM.Collect$$libinit$$0000002A  c_p.l(libinit2.o)
    0x00000142   0x00000000   Code   RO          665    .ARM.Collect$$libinit$$0000002C  c_p.l(libinit2.o)
    0x00000142   0x00000000   Code   RO          667    .ARM.Collect$$libinit$$0000002E  c_p.l(libinit2.o)
    0x00000142   0x00000000   Code   RO          669    .ARM.Collect$$libinit$$00000030  c_p.l(libinit2.o)
    0x00000142   0x00000002   Code   RO          670    .ARM.Collect$$libinit$$00000031  c_p.l(libinit2.o)
    0x00000144   0x00000002   Code   RO          701    .ARM.Collect$$libshutdown$$00000000  c_p.l(libshutdown.o)
    0x00000146   0x00000000   Code   RO          728    .ARM.Collect$$libshutdown$$00000003  c_p.l(libshutdown2.o)
    0x00000146   0x00000000   Code   RO          731    .ARM.Collect$$libshutdown$$00000006  c_p.l(libshutdown2.o)
    0x00000146   0x00000000   Code   RO          734    .ARM.Collect$$libshutdown$$00000009  c_p.l(libshutdown2.o)
    0x00000146   0x00000000   Code   RO          736    .ARM.Collect$$libshutdown$$0000000B  c_p.l(libshutdown2.o)
    0x00000146   0x00000000   Code   RO          739    .ARM.Collect$$libshutdown$$0000000E  c_p.l(libshutdown2.o)
    0x00000146   0x00000002   Code   RO          740    .ARM.Collect$$libshutdown$$0000000F  c_p.l(libshutdown2.o)
    0x00000148   0x00000000   Code   RO          579    .ARM.Collect$$rtentry$$00000000  c_p.l(rtentry.o)
    0x00000148   0x00000000   Code   RO          585    .ARM.Collect$$rtentry$$00000002  c_p.l(rtentry2.o)
    0x00000148   0x00000006   Code   RO          597    .ARM.Collect$$rtentry$$00000004  c_p.l(rtentry4.o)
    0x0000014e   0x00000000   Code   RO          587    .ARM.Collect$$rtentry$$00000009  c_p.l(rtentry2.o)
    0x0000014e   0x00000004   Code   RO          588    .ARM.Collect$$rtentry$$0000000A  c_p.l(rtentry2.o)
    0x00000152   0x00000000   Code   RO          590    .ARM.Collect$$rtentry$$0000000C  c_p.l(rtentry2.o)
    0x00000152   0x00000008   Code   RO          591    .ARM.Collect$$rtentry$$0000000D  c_p.l(rtentry2.o)
    0x0000015a   0x00000002   Code   RO          620    .ARM.Collect$$rtexit$$00000000  c_p.l(rtexit.o)
    0x0000015c   0x00000000   Code   RO          674    .ARM.Collect$$rtexit$$00000002  c_p.l(rtexit2.o)
    0x0000015c   0x00000004   Code   RO          675    .ARM.Collect$$rtexit$$00000003  c_p.l(rtexit2.o)
    0x00000160   0x00000006   Code   RO          676    .ARM.Collect$$rtexit$$00000004  c_p.l(rtexit2.o)
    0x00000166   0x00000034   Code   RO            3    .text               main.o
    0x0000019a   0x00000002   PAD
    0x0000019c   0x00000038   Code   RO          155    .text               startup_lpc11uxx.o
    0x000001d4   0x00000006   Code   RO          575    .text               c_p.l(heapauxi.o)
    0x000001da   0x0000003e   Code   RO          601    .text               c_p.l(sys_stackheap_outer.o)
    0x00000218   0x0000000c   Code   RO          604    .text               c_p.l(exit.o)
    0x00000224   0x00000008   Code   RO          616    .text               c_p.l(libspace.o)
    0x0000022c   0x0000000c   Code   RO          671    .text               c_p.l(sys_exit.o)
    0x00000238   0x00000002   Code   RO          690    .text               c_p.l(use_no_semi.o)
    0x0000023a   0x00000000   Code   RO          692    .text               c_p.l(indicate_semi.o)
    0x0000023a   0x00000002   PAD
    0x0000023c   0x00000038   Code   RO          475    i.Chip_Clock_GetMainClockRate  chip_11uxx_lib.lib(clock_11xx.o)
    0x00000274   0x0000000c   Code   RO          476    i.Chip_Clock_GetPLLFreq  chip_11uxx_lib.lib(clock_11xx.o)
    0x00000280   0x00000028   Code   RO          478    i.Chip_Clock_GetSystemPLLInClockRate  chip_11uxx_lib.lib(clock_11xx.o)
    0x000002a8   0x00000018   Code   RO          479    i.Chip_Clock_GetSystemPLLOutClockRate  chip_11uxx_lib.lib(clock_11xx.o)
    0x000002c0   0x00000024   Code   RO          482    i.Chip_Clock_GetWDTOSCRate  chip_11uxx_lib.lib(clock_11xx.o)
    0x000002e4   0x00000010   Code   RO          420    i.Chip_GPIO_Init    chip_11uxx_lib.lib(gpio_11xx_1.o)
    0x000002f4   0x00000004   Data   RO            4    .constdata          main.o
    0x000002f8   0x00000004   PAD
    0x000002fc   0x00000004   Code   RO          154    .ARM.__at_0x02FC    startup_lpc11uxx.o
    0x00000300   0x0000059a   Code   RO          117    .text               ads1248.o
    0x0000089a   0x00000002   PAD
    0x0000089c   0x00000280   Code   RO          163    .text               system_lpc11uxx.o
    0x00000b1c   0x0000015a   Code   RO          571    .text               c_p.l(aeabi_sdiv.o)
    0x00000c76   0x00000010   Code   RO          197    i.Chip_IOCON_PinMuxSet  chip_11uxx_lib.lib(iocon_11xx.o)
    0x00000c86   0x00000002   PAD
    0x00000c88   0x0000002c   Code   RO          290    i.Chip_SSP_DeInit   chip_11uxx_lib.lib(ssp_11xx.o)
    0x00000cb4   0x00000014   Code   RO          291    i.Chip_SSP_GetClockIndex  chip_11uxx_lib.lib(ssp_11xx.o)
    0x00000cc8   0x0000000a   Code   RO          292    i.Chip_SSP_GetRawIntStatus  chip_11uxx_lib.lib(ssp_11xx.o)
    0x00000cd2   0x0000000a   Code   RO          293    i.Chip_SSP_GetStatus  chip_11uxx_lib.lib(ssp_11xx.o)
    0x00000cdc   0x00000068   Code   RO          294    i.Chip_SSP_Init     chip_11uxx_lib.lib(ssp_11xx.o)
    0x00000d44   0x000000bc   Code   RO          298    i.Chip_SSP_RWFrames_Blocking  chip_11uxx_lib.lib(ssp_11xx.o)
    0x00000e00   0x00000058   Code   RO          300    i.Chip_SSP_SetBitRate  chip_11uxx_lib.lib(ssp_11xx.o)
    0x00000e58   0x00000016   Code   RO          301    i.Chip_SSP_SetClockRate  chip_11uxx_lib.lib(ssp_11xx.o)
    0x00000e6e   0x00000002   PAD
    0x00000e70   0x00000018   Code   RO          303    i.Chip_SSP_SetSSPClkDivider  chip_11uxx_lib.lib(ssp_11xx.o)
    0x00000e88   0x00000030   Code   RO          305    i.SSP_Read1BFifo    chip_11uxx_lib.lib(ssp_11xx.o)
    0x00000eb8   0x00000030   Code   RO          306    i.SSP_Read2BFifo    chip_11uxx_lib.lib(ssp_11xx.o)
    0x00000ee8   0x00000018   Code   RO          307    i.SSP_Write1BFifo   chip_11uxx_lib.lib(ssp_11xx.o)
    0x00000f00   0x0000001c   Code   RO          308    i.SSP_Write2BFifo   chip_11uxx_lib.lib(ssp_11xx.o)
    0x00000f1c   0x0000001c   Code   RO          181    i.__ARM_common_switch8  system_lpc11uxx.o
    0x00000f38   0x00000040   Data   RO          489    .constdata          chip_11uxx_lib.lib(clock_11xx.o)
    0x00000f78   0x00000020   Data   RO          741    Region$$Table       anon$$obj.o


    Execution Region RW_IRAM1 (Base: 0x10000000, Size: 0x00000280, Max: 0x00001000, ABSOLUTE)

    Base Addr    Size         Type   Attr      Idx    E Section Name        Object

    0x10000000   0x00000003   Data   RW          119    .data               ads1248.o
    0x10000003   0x00000001   PAD
    0x10000004   0x00000004   Data   RW          164    .data               system_lpc11uxx.o
    0x10000008   0x00000014   Zero   RW          118    .bss                ads1248.o
    0x1000001c   0x00000060   Zero   RW          617    .bss                c_p.l(libspace.o)
    0x1000007c   0x00000004   PAD
    0x10000080   0x00000000   Zero   RW          152    HEAP                startup_lpc11uxx.o
    0x10000080   0x00000200   Zero   RW          151    STACK               startup_lpc11uxx.o


==============================================================================

Image component sizes


      Code (inc. data)   RO Data    RW Data    ZI Data      Debug   Object Name

      1434         24          0          3         20      15585   ads1248.o
        52          0          4          0          0       6435   main.o
        60         28        192          0        512        908   startup_lpc11uxx.o
       668         96          0          4          0       2689   system_lpc11uxx.o

    ----------------------------------------------------------------------
      2218        148        232          8        532      25617   Object Totals
         0          0         32          0          0          0   (incl. Generated)
         4          0          4          1          0          0   (incl. Padding)

    ----------------------------------------------------------------------

      Code (inc. data)   RO Data    RW Data    ZI Data      Debug   Library Member Name

         8          0          0          0          0         68   __main.o
        60          8          0          0          0          0   __scatter.o
        26          0          0          0          0          0   __scatter_copy.o
        28          0          0          0          0          0   __scatter_zi.o
       346          0          0          0          0         92   aeabi_sdiv.o
        12          0          0          0          0         64   exit.o
         6          0          0          0          0        136   heapauxi.o
         0          0          0          0          0          0   indicate_semi.o
         2          0          0          0          0          0   libinit.o
         6          0          0          0          0          0   libinit2.o
         2          0          0          0          0          0   libshutdown.o
         2          0          0          0          0          0   libshutdown2.o
         8          4          0          0         96         68   libspace.o
         0          0          0          0          0          0   rtentry.o
        12          0          0          0          0          0   rtentry2.o
         6          0          0          0          0          0   rtentry4.o
         2          0          0          0          0          0   rtexit.o
        10          0          0          0          0          0   rtexit2.o
        12          4          0          0          0         60   sys_exit.o
        62          0          0          0          0         80   sys_stackheap_outer.o
         2          0          0          0          0         68   use_no_semi.o
       168         34         64          0          0       3508   clock_11xx.o
        16          4          0          0          0       5817   gpio_11xx_1.o
        16          0          0          0          0       6307   iocon_11xx.o
       658         46          0          0          0      19645   ssp_11xx.o

    ----------------------------------------------------------------------
      1478        100         64          0        100      35913   Library Totals
         8          0          0          0          4          0   (incl. Padding)

    ----------------------------------------------------------------------

      Code (inc. data)   RO Data    RW Data    ZI Data      Debug   Library Name

       612         16          0          0         96        636   c_p.l
       858         84         64          0          0      35277   chip_11uxx_lib.lib

    ----------------------------------------------------------------------
      1478        100         64          0        100      35913   Library Totals

    ----------------------------------------------------------------------

==============================================================================


      Code (inc. data)   RO Data    RW Data    ZI Data      Debug   

      3696        248        296          8        632      60462   Grand Totals
      3696        248        296          8        632      60462   ELF Image Totals
      3696        248        296          8          0          0   ROM Totals

==============================================================================

    Total RO  Size (Code + RO Data)                 3992 (   3.90kB)
    Total RW  Size (RW Data + ZI Data)               640 (   0.63kB)
    Total ROM Size (Code + RO Data + RW Data)       4000 (   3.91kB)

==============================================================================

